Archive member included to satisfy reference by file (symbol)

C:/ST/STM32CubeIDE_1.19.0/STM32CubeIDE/plugins/com.st.stm32cube.ide.mcu.externaltools.gnu-tools-for-stm32.13.3.rel1.win32_1.0.0.202411081344/tools/bin/../lib/gcc/arm-none-eabi/13.3.1/../../../../arm-none-eabi/lib/thumb/v7e-m+fp/hard\libc_nano.a(libc_a-exit.o)
                              C:/ST/STM32CubeIDE_1.19.0/STM32CubeIDE/plugins/com.st.stm32cube.ide.mcu.externaltools.gnu-tools-for-stm32.13.3.rel1.win32_1.0.0.202411081344/tools/bin/../lib/gcc/arm-none-eabi/13.3.1/../../../../arm-none-eabi/lib/thumb/v7e-m+fp/hard/crt0.o (exit)
C:/ST/STM32CubeIDE_1.19.0/STM32CubeIDE/plugins/com.st.stm32cube.ide.mcu.externaltools.gnu-tools-for-stm32.13.3.rel1.win32_1.0.0.202411081344/tools/bin/../lib/gcc/arm-none-eabi/13.3.1/../../../../arm-none-eabi/lib/thumb/v7e-m+fp/hard\libc_nano.a(libc_a-findfp.o)
                              C:/ST/STM32CubeIDE_1.19.0/STM32CubeIDE/plugins/com.st.stm32cube.ide.mcu.externaltools.gnu-tools-for-stm32.13.3.rel1.win32_1.0.0.202411081344/tools/bin/../lib/gcc/arm-none-eabi/13.3.1/../../../../arm-none-eabi/lib/thumb/v7e-m+fp/hard\libc_nano.a(libc_a-exit.o) (__stdio_exit_handler)
C:/ST/STM32CubeIDE_1.19.0/STM32CubeIDE/plugins/com.st.stm32cube.ide.mcu.externaltools.gnu-tools-for-stm32.13.3.rel1.win32_1.0.0.202411081344/tools/bin/../lib/gcc/arm-none-eabi/13.3.1/../../../../arm-none-eabi/lib/thumb/v7e-m+fp/hard\libc_nano.a(libc_a-fwalk.o)
                              C:/ST/STM32CubeIDE_1.19.0/STM32CubeIDE/plugins/com.st.stm32cube.ide.mcu.externaltools.gnu-tools-for-stm32.13.3.rel1.win32_1.0.0.202411081344/tools/bin/../lib/gcc/arm-none-eabi/13.3.1/../../../../arm-none-eabi/lib/thumb/v7e-m+fp/hard\libc_nano.a(libc_a-findfp.o) (_fwalk_sglue)
C:/ST/STM32CubeIDE_1.19.0/STM32CubeIDE/plugins/com.st.stm32cube.ide.mcu.externaltools.gnu-tools-for-stm32.13.3.rel1.win32_1.0.0.202411081344/tools/bin/../lib/gcc/arm-none-eabi/13.3.1/../../../../arm-none-eabi/lib/thumb/v7e-m+fp/hard\libc_nano.a(libc_a-stdio.o)
                              C:/ST/STM32CubeIDE_1.19.0/STM32CubeIDE/plugins/com.st.stm32cube.ide.mcu.externaltools.gnu-tools-for-stm32.13.3.rel1.win32_1.0.0.202411081344/tools/bin/../lib/gcc/arm-none-eabi/13.3.1/../../../../arm-none-eabi/lib/thumb/v7e-m+fp/hard\libc_nano.a(libc_a-findfp.o) (__sread)
C:/ST/STM32CubeIDE_1.19.0/STM32CubeIDE/plugins/com.st.stm32cube.ide.mcu.externaltools.gnu-tools-for-stm32.13.3.rel1.win32_1.0.0.202411081344/tools/bin/../lib/gcc/arm-none-eabi/13.3.1/../../../../arm-none-eabi/lib/thumb/v7e-m+fp/hard\libc_nano.a(libc_a-memset.o)
                              C:/ST/STM32CubeIDE_1.19.0/STM32CubeIDE/plugins/com.st.stm32cube.ide.mcu.externaltools.gnu-tools-for-stm32.13.3.rel1.win32_1.0.0.202411081344/tools/bin/../lib/gcc/arm-none-eabi/13.3.1/../../../../arm-none-eabi/lib/thumb/v7e-m+fp/hard/crt0.o (memset)
C:/ST/STM32CubeIDE_1.19.0/STM32CubeIDE/plugins/com.st.stm32cube.ide.mcu.externaltools.gnu-tools-for-stm32.13.3.rel1.win32_1.0.0.202411081344/tools/bin/../lib/gcc/arm-none-eabi/13.3.1/../../../../arm-none-eabi/lib/thumb/v7e-m+fp/hard\libc_nano.a(libc_a-closer.o)
                              C:/ST/STM32CubeIDE_1.19.0/STM32CubeIDE/plugins/com.st.stm32cube.ide.mcu.externaltools.gnu-tools-for-stm32.13.3.rel1.win32_1.0.0.202411081344/tools/bin/../lib/gcc/arm-none-eabi/13.3.1/../../../../arm-none-eabi/lib/thumb/v7e-m+fp/hard\libc_nano.a(libc_a-stdio.o) (_close_r)
C:/ST/STM32CubeIDE_1.19.0/STM32CubeIDE/plugins/com.st.stm32cube.ide.mcu.externaltools.gnu-tools-for-stm32.13.3.rel1.win32_1.0.0.202411081344/tools/bin/../lib/gcc/arm-none-eabi/13.3.1/../../../../arm-none-eabi/lib/thumb/v7e-m+fp/hard\libc_nano.a(libc_a-reent.o)
                              C:/ST/STM32CubeIDE_1.19.0/STM32CubeIDE/plugins/com.st.stm32cube.ide.mcu.externaltools.gnu-tools-for-stm32.13.3.rel1.win32_1.0.0.202411081344/tools/bin/../lib/gcc/arm-none-eabi/13.3.1/../../../../arm-none-eabi/lib/thumb/v7e-m+fp/hard\libc_nano.a(libc_a-closer.o) (errno)
C:/ST/STM32CubeIDE_1.19.0/STM32CubeIDE/plugins/com.st.stm32cube.ide.mcu.externaltools.gnu-tools-for-stm32.13.3.rel1.win32_1.0.0.202411081344/tools/bin/../lib/gcc/arm-none-eabi/13.3.1/../../../../arm-none-eabi/lib/thumb/v7e-m+fp/hard\libc_nano.a(libc_a-impure.o)
                              C:/ST/STM32CubeIDE_1.19.0/STM32CubeIDE/plugins/com.st.stm32cube.ide.mcu.externaltools.gnu-tools-for-stm32.13.3.rel1.win32_1.0.0.202411081344/tools/bin/../lib/gcc/arm-none-eabi/13.3.1/../../../../arm-none-eabi/lib/thumb/v7e-m+fp/hard\libc_nano.a(libc_a-reent.o) (_impure_ptr)
C:/ST/STM32CubeIDE_1.19.0/STM32CubeIDE/plugins/com.st.stm32cube.ide.mcu.externaltools.gnu-tools-for-stm32.13.3.rel1.win32_1.0.0.202411081344/tools/bin/../lib/gcc/arm-none-eabi/13.3.1/../../../../arm-none-eabi/lib/thumb/v7e-m+fp/hard\libc_nano.a(libc_a-lseekr.o)
[...]
Memory Configuration

Name             Origin             Length             Attributes
RAM              0x20000000         0x00020000         xrw
FLASH            0x08000000         0x00080000         xr
*default*        0x00000000         0xffffffff

Linker script and memory map

LOAD C:/ST/STM32CubeIDE_1.19.0/STM32CubeIDE/plugins/com.st.stm32cube.ide.mcu.externaltools.gnu-tools-for-stm32.13.3.rel1.win32_1.0.0.202411081344/tools/bin/../lib/gcc/arm-none-eabi/13.3.1/thumb/v7e-m+fp/hard/crti.o
LOAD C:/ST/STM32CubeIDE_1.19.0/STM32CubeIDE/plugins/com.st.stm32cube.ide.mcu.externaltools.gnu-tools-for-stm32.13.3.rel1.win32_1.0.0.202411081344/tools/bin/../lib/gcc/arm-none-eabi/13.3.1/thumb/v7e-m+fp/hard/crtbegin.o
LOAD C:/ST/STM32CubeIDE_1.19.0/STM32CubeIDE/plugins/com.st.stm32cube.ide.mcu.externaltools.gnu-tools-for-stm32.13.3.rel1.win32_1.0.0.202411081344/tools/bin/../lib/gcc/arm-none-eabi/13.3.1/../../../../arm-none-eabi/lib/thumb/v7e-m+fp/hard/crt0.o
LOAD ./Core/Src/main.o
LOAD ./Core/Src/stm32f4xx_hal_msp.o
LOAD ./Core/Src/stm32f4xx_it.o
LOAD ./Core/Src/syscalls.o
LOAD ./Core/Src/sysmem.o
LOAD ./Core/Src/system_stm32f4xx.o
LOAD ./Core/Startup/startup_stm32f446retx.o
LOAD ./Drivers/STM32F4xx_HAL_Driver/Src/stm32f4xx_hal.o
LOAD ./Drivers/STM32F4xx_HAL_Driver/Src/stm32f4xx_hal_cortex.o
LOAD ./Drivers/STM32F4xx_HAL_Driver/Src/stm32f4xx_hal_dma.o
LOAD ./Drivers/STM32F4xx_HAL_Driver/Src/stm32f4xx_hal_dma_ex.o
LOAD ./Drivers/STM32F4xx_HAL_Driver/Src/stm32f4xx_hal_exti.o
LOAD ./Drivers/STM32F4xx_HAL_Driver/Src/stm32f4xx_hal_flash.o
LOAD ./Drivers/STM32F4xx_HAL_Driver/Src/stm32f4xx_hal_flash_ex.o
LOAD ./Drivers/STM32F4xx_HAL_Driver/Src/stm32f4xx_hal_flash_ramfunc.o
LOAD ./Drivers/STM32F4xx_HAL_Driver/Src/stm32f4xx_hal_gpio.o
LOAD ./Drivers/STM32F4xx_HAL_Driver/Src/stm32f4xx_hal_i2c.o
LOAD ./Drivers/STM32F4xx_HAL_Driver/Src/stm32f4xx_hal_i2c_ex.o
LOAD ./Drivers/STM32F4xx_HAL_Driver/Src/stm32f4xx_hal_pwr.o
LOAD ./Drivers/STM32F4xx_HAL_Driver/Src/stm32f4xx_hal_pwr_ex.o
LOAD ./Drivers/STM32F4xx_HAL_Driver/Src/stm32f4xx_hal_rcc.o
LOAD ./Drivers/STM32F4xx_HAL_Driver/Src/stm32f4xx_hal_rcc_ex.o
LOAD ./Drivers/VL53L0X/core/src/vl53l0x_api.o
LOAD ./Drivers/VL53L0X/core/src/vl53l0x_api_calibration.o
LOAD ./Drivers/VL53L0X/core/src/vl53l0x_api_core.o
LOAD ./Drivers/VL53L0X/core/src/vl53l0x_api_ranging.o
LOAD ./Drivers/VL53L0X/core/src/vl53l0x_api_strings.o
LOAD ./Drivers/VL53L0X/platform/src/vl53l0x_platform.o
LOAD ./Drivers/VL53L0X/platform/src/vl53l0x_platform_log.o
START GROUP
LOAD C:/ST/STM32CubeIDE_1.19.0/STM32CubeIDE/plugins/com.st.stm32cube.ide.mcu.externaltools.gnu-tools-for-stm32.13.3.rel1.win32_1.0.0.202411081344/tools/bin/../lib/gcc/arm-none-eabi/13.3.1/../../../../arm-none-eabi/lib/thumb/v7e-m+fp/hard\libc_nano.a
LOAD C:/ST/STM32CubeIDE_1.19.0/STM32CubeIDE/plugins/com.st.stm32cube.ide.mcu.externaltools.gnu-tools-for-stm32.13.3.rel1.win32_1.0.0.202411081344/tools/bin/../lib/gcc/arm-none-eabi/13.3.1/../../../../arm-none-eabi/lib/thumb/v7e-m+fp/hard\libm.a
END GROUP
START GROUP
LOAD C:/ST/STM32CubeIDE_1.19.0/STM32CubeIDE/plugins/com.st.stm32cube.ide.mcu.externaltools.gnu-tools-for-stm32.13.3.rel1.win32_1.0.0.202411081344/tools/bin/../lib/gcc/arm-none-eabi/13.3.1/thumb/v7e-m+fp/hard\libgcc.a
LOAD C:/ST/STM32CubeIDE_1.19.0/STM32CubeIDE/plugins/com.st.stm32cube.ide.mcu.externaltools.gnu-tools-for-stm32.13.3.rel1.win32_1.0.0.202411081344/tools/bin/../lib/gcc/arm-none-eabi/13.3.1/../../../../arm-none-eabi/lib/thumb/v7e-m+fp/hard\libc_nano.a
END GROUP
START GROUP
LOAD C:/ST/STM32CubeIDE_1.19.0/STM32CubeIDE/plugins/com.st.stm32cube.ide.mcu.externaltools.gnu-tools-for-stm32.13.3.rel1.win32_1.0.0.202411081344/tools/bin/../lib/gcc/arm-none-eabi/13.3.1/thumb/v7e-m+fp/hard\libgcc.a
LOAD C:/ST/STM32CubeIDE_1.19.0/STM32CubeIDE/plugins/com.st.stm32cube.ide.mcu.externaltools.gnu-tools-for-stm32.13.3.rel1.win32_1.0.0.202411081344/tools/bin/../lib/gcc/arm-none-eabi/13.3.1/../../../../arm-none-eabi/lib/thumb/v7e-m+fp/hard\libc_nano.a
LOAD C:/ST/STM32CubeIDE_1.19.0/STM32CubeIDE/plugins/com.st.stm32cube.ide.mcu.externaltools.gnu-tools-for-stm32.13.3.rel1.win32_1.0.0.202411081344/tools/bin/../lib/gcc/arm-none-eabi/13.3.1/../../../../arm-none-eabi/lib/thumb/v7e-m+fp/hard\libnosys.a
END GROUP
START GROUP
LOAD C:/ST/STM32CubeIDE_1.19.0/STM32CubeIDE/plugins/com.st.stm32cube.ide.mcu.externaltools.gnu-tools-for-stm32.13.3.rel1.win32_1.0.0.202411081344/tools/bin/../lib/gcc/arm-none-eabi/13.3.1/thumb/v7e-m+fp/hard\libgcc.a
LOAD C:/ST/STM32CubeIDE_1.19.0/STM32CubeIDE/plugins/com.st.stm32cube.ide.mcu.externaltools.gnu-tools-for-stm32.13.3.rel1.win32_1.0.0.202411081344/tools/bin/../lib/gcc/arm-none-eabi/13.3.1/../../../../arm-none-eabi/lib/thumb/v7e-m+fp/hard\libc_nano.a
LOAD C:/ST/STM32CubeIDE_1.19.0/STM32CubeIDE/plugins/com.st.stm32cube.ide.mcu.externaltools.gnu-tools-for-stm32.13.3.rel1.win32_1.0.0.202411081344/tools/bin/../lib/gcc/arm-none-eabi/13.3.1/../../../../arm-none-eabi/lib/thumb/v7e-m+fp/hard\libnosys.a
END GROUP
LOAD C:/ST/STM32CubeIDE_1.19.0/STM32CubeIDE/plugins/com.st.stm32cube.ide.mcu.externaltools.gnu-tools-for-stm32.13.3.rel1.win32_1.0.0.202411081344/tools/bin/../lib/gcc/arm-none-eabi/13.3.1/thumb/v7e-m+fp/hard/crtend.o
LOAD C:/ST/STM32CubeIDE_1.19.0/STM32CubeIDE/plugins/com.st.stm32cube.ide.mcu.externaltools.gnu-tools-for-stm32.13.3.rel1.win32_1.0.0.202411081344/tools/bin/../lib/gcc/arm-none-eabi/13.3.1/thumb/v7e-m+fp/hard/crtn.o
                0x20020000                        _estack = (ORIGIN (RAM) + LENGTH (RAM))
                0x00000200                        _Min_Heap_Size = 0x200
                0x00000400                        _Min_Stack_Size = 0x400

.isr_vector     0x08000000      0x1c4
                0x08000000                        . = ALIGN (0x4)
 *(.isr_vector)
 .isr_vector    0x08000000      0x1c4 ./Core/Startup/startup_stm32f446retx.o
                0x08000000                g_pfnVectors
                0x080001c4                        . = ALIGN (0x4)

.text           0x080001c4     0x7ae0
                0x080001c4                        . = ALIGN (0x4)
 *(.text)
 .text          0x080001c4       0x40 C:/ST/STM32CubeIDE_1.19.0/STM32CubeIDE/plugins/com.st.stm32cube.ide.mcu.externaltools.gnu-tools-for-stm32.13.3.rel1.win32_1.0.0.202411081344/tools/bin/../lib/gcc/arm-none-eabi/13.3.1/thumb/v7e-m+fp/hard/crtbegin.o
 .text          0x08000204       0x30 C:/ST/STM32CubeIDE_1.19.0/STM32CubeIDE/plugins/com.st.stm32cube.ide.mcu.externaltools.gnu-tools-for-stm32.13.3.rel1.win32_1.0.0.202411081344/tools/bin/../lib/gcc/arm-none-eabi/13.3.1/thumb/v7e-m+fp/hard\libgcc.a(_aeabi_uldivmod.o)
                0x08000204                __aeabi_uldivmod
 .text          0x08000234      0x2f8 C:/ST/STM32CubeIDE_1.19.0/STM32CubeIDE/plugins/com.st.stm32cube.ide.mcu.externaltools.gnu-tools-for-stm32.13.3.rel1.win32_1.0.0.202411081344/tools/bin/../lib/gcc/arm-none-eabi/13.3.1/thumb/v7e-m+fp/hard\libgcc.a(_udivmoddi4.o)
                0x08000234                __udivmoddi4
 .text          0x0800052c        0x4 C:/ST/STM32CubeIDE_1.19.0/STM32CubeIDE/plugins/com.st.stm32cube.ide.mcu.externaltools.gnu-tools-for-stm32.13.3.rel1.win32_1.0.0.202411081344/tools/bin/../lib/gcc/arm-none-eabi/13.3.1/thumb/v7e-m+fp/hard\libgcc.a(_dvmd_tls.o)
                0x0800052c                __aeabi_idiv0
                0x0800052c                __aeabi_ldiv0
 *(.text*)
 .text.LidarInit
                0x08000530       0xc0 ./Core/Src/main.o
                0x08000530                LidarInit
 .text.main     0x080005f0       0xa8 ./Core/Src/main.o
                0x080005f0                main
 .text.SystemClock_Config
                0x08000698       0xdc ./Core/Src/main.o
                0x08000698                SystemClock_Config
 .text.MX_I2C1_Init
                0x08000774       0x5c ./Core/Src/main.o
 .text.MX_GPIO_Init
                0x080007d0       0x84 ./Core/Src/main.o
 .text.Error_Handler
                0x08000854        0xc ./Core/Src/main.o
                0x08000854                Error_Handler
 .text.HAL_MspInit
                0x08000860       0x50 ./Core/Src/stm32f4xx_hal_msp.o
                0x08000860                HAL_MspInit
 .text.HAL_I2C_MspInit
                0x080008b0       0x90 ./Core/Src/stm32f4xx_hal_msp.o
                0x080008b0                HAL_I2C_MspInit
 .text.NMI_Handler
                0x08000940        0x8 ./Core/Src/stm32f4xx_it.o
                0x08000940                NMI_Handler
 .text.HardFault_Handler
                0x08000948        0x8 ./Core/Src/stm32f4xx_it.o
                0x08000948                HardFault_Handler
 .text.MemManage_Handler
                0x08000950        0x8 ./Core/Src/stm32f4xx_it.o
                0x08000950                MemManage_Handler
 .text.BusFault_Handler
                0x08000958        0x8 ./Core/Src/stm32f4xx_it.o
                0x08000958                BusFault_Handler
 .text.UsageFault_Handler
                0x08000960        0x8 ./Core/Src/stm32f4xx_it.o
                0x08000960                UsageFault_Handler
 .text.SVC_Handler
                0x08000968        0xe ./Core/Src/stm32f4xx_it.o
                0x08000968                SVC_Handler
 .text.DebugMon_Handler
                0x08000976        0xe ./Core/Src/stm32f4xx_it.o
                0x08000976                DebugMon_Handler
 .text.PendSV_Handler
                0x08000984        0xe ./Core/Src/stm32f4xx_it.o
                0x08000984                PendSV_Handler
 .text.SysTick_Handler
                0x08000992        0xc ./Core/Src/stm32f4xx_it.o
                0x08000992                SysTick_Handler
 *fill*         0x0800099e        0x2 
 .text.SystemInit
                0x080009a0       0x24 ./Core/Src/system_stm32f4xx.o
                0x080009a0                SystemInit
 .text.Reset_Handler
                0x080009c4       0x50 ./Core/Startup/startup_stm32f446retx.o
                0x080009c4                Reset_Handler
 .text.Default_Handler
                0x08000a14        0x2 ./Core/Startup/startup_stm32f446retx.o
                0x08000a14                RTC_Alarm_IRQHandler
                0x08000a14                EXTI2_IRQHandler
                0x08000a14                TIM8_CC_IRQHandler
                0x08000a14                FMPI2C1_EV_IRQHandler
                0x08000a14                SPI4_IRQHandler
                0x08000a14                TIM1_CC_IRQHandler
                0x08000a14                DMA2_Stream5_IRQHandler
                0x08000a14                DMA1_Stream5_IRQHandler
                0x08000a14                PVD_IRQHandler
                0x08000a14                SDIO_IRQHandler
                0x08000a14                TAMP_STAMP_IRQHandler
                0x08000a14                CAN2_RX1_IRQHandler
                0x08000a14                EXTI3_IRQHandler
                0x08000a14                TIM8_TRG_COM_TIM14_IRQHandler
                0x08000a14                TIM1_UP_TIM10_IRQHandler
                0x08000a14                TIM8_UP_TIM13_IRQHandler
                0x08000a14                I2C3_ER_IRQHandler
                0x08000a14                EXTI0_IRQHandler
                0x08000a14                I2C2_EV_IRQHandler
                0x08000a14                DMA1_Stream2_IRQHandler
                0x08000a14                CAN1_RX0_IRQHandler
                0x08000a14                FPU_IRQHandler
                0x08000a14                OTG_HS_WKUP_IRQHandler
                0x08000a14                CAN2_SCE_IRQHandler
                0x08000a14                DMA2_Stream2_IRQHandler
                0x08000a14                SPI1_IRQHandler
                0x08000a14                TIM6_DAC_IRQHandler
                0x08000a14                TIM1_BRK_TIM9_IRQHandler
                0x08000a14                DCMI_IRQHandler
                0x08000a14                CAN2_RX0_IRQHandler
                0x08000a14                DMA2_Stream3_IRQHandler
                0x08000a14                SAI2_IRQHandler
                0x08000a14                USART6_IRQHandler
                0x08000a14                USART3_IRQHandler
                0x08000a14                CAN1_RX1_IRQHandler
                0x08000a14                UART5_IRQHandler
                0x08000a14                DMA2_Stream0_IRQHandler
                0x08000a14                TIM4_IRQHandler
                0x08000a14                QUADSPI_IRQHandler
                0x08000a14                I2C1_EV_IRQHandler
                0x08000a14                DMA1_Stream6_IRQHandler
                0x08000a14                DMA1_Stream1_IRQHandler
                0x08000a14                UART4_IRQHandler
                0x08000a14                TIM3_IRQHandler
                0x08000a14                RCC_IRQHandler
                0x08000a14                TIM8_BRK_TIM12_IRQHandler
                0x08000a14                Default_Handler
                0x08000a14                CEC_IRQHandler
                0x08000a14                EXTI15_10_IRQHandler
                0x08000a14                ADC_IRQHandler
                0x08000a14                DMA1_Stream7_IRQHandler
                0x08000a14                TIM7_IRQHandler
                0x08000a14                CAN2_TX_IRQHandler
                0x08000a14                TIM5_IRQHandler
                0x08000a14                DMA2_Stream7_IRQHandler
                0x08000a14                I2C3_EV_IRQHandler
                0x08000a14                EXTI9_5_IRQHandler
                0x08000a14                RTC_WKUP_IRQHandler
                0x08000a14                SPDIF_RX_IRQHandler
                0x08000a14                SPI2_IRQHandler
                0x08000a14                OTG_HS_EP1_IN_IRQHandler
                0x08000a14                DMA1_Stream0_IRQHandler
                0x08000a14                CAN1_TX_IRQHandler
                0x08000a14                FMPI2C1_ER_IRQHandler
                0x08000a14                EXTI4_IRQHandler
                0x08000a14                OTG_HS_EP1_OUT_IRQHandler
                0x08000a14                WWDG_IRQHandler
                0x08000a14                TIM2_IRQHandler
                0x08000a14                OTG_FS_WKUP_IRQHandler
                0x08000a14                TIM1_TRG_COM_TIM11_IRQHandler
                0x08000a14                OTG_HS_IRQHandler
                0x08000a14                EXTI1_IRQHandler
                0x08000a14                USART2_IRQHandler
                0x08000a14                I2C2_ER_IRQHandler
                0x08000a14                DMA2_Stream1_IRQHandler
                0x08000a14                CAN1_SCE_IRQHandler
                0x08000a14                FLASH_IRQHandler
                0x08000a14                DMA2_Stream4_IRQHandler
                0x08000a14                USART1_IRQHandler
                0x08000a14                OTG_FS_IRQHandler
                0x08000a14                SPI3_IRQHandler
                0x08000a14                DMA1_Stream4_IRQHandler
                0x08000a14                I2C1_ER_IRQHandler
                0x08000a14                FMC_IRQHandler
                0x08000a14                DMA2_Stream6_IRQHandler
                0x08000a14                SAI1_IRQHandler
                0x08000a14                DMA1_Stream3_IRQHandler
 *fill*         0x08000a16        0x2 
 .text.HAL_Init
                0x08000a18       0x44 ./Drivers/STM32F4xx_HAL_Driver/Src/stm32f4xx_hal.o
                0x08000a18                HAL_Init
 .text.HAL_InitTick
                0x08000a5c       0x60 ./Drivers/STM32F4xx_HAL_Driver/Src/stm32f4xx_hal.o
                0x08000a5c                HAL_InitTick
 .text.HAL_IncTick
                0x08000abc       0x28 ./Drivers/STM32F4xx_HAL_Driver/Src/stm32f4xx_hal.o
                0x08000abc                HAL_IncTick
 .text.HAL_GetTick
                0x08000ae4       0x18 ./Drivers/STM32F4xx_HAL_Driver/Src/stm32f4xx_hal.o
                0x08000ae4                HAL_GetTick
 .text.HAL_Delay
                0x08000afc       0x48 ./Drivers/STM32F4xx_HAL_Driver/Src/stm32f4xx_hal.o
                0x08000afc                HAL_Delay
 .text.__NVIC_SetPriorityGrouping
                0x08000b44       0x48 ./Drivers/STM32F4xx_HAL_Driver/Src/stm32f4xx_hal_cortex.o
 .text.__NVIC_GetPriorityGrouping
                0x08000b8c       0x1c ./Drivers/STM32F4xx_HAL_Driver/Src/stm32f4xx_hal_cortex.o
 .text.__NVIC_SetPriority
                0x08000ba8       0x54 ./Drivers/STM32F4xx_HAL_Driver/Src/stm32f4xx_hal_cortex.o
 .text.NVIC_EncodePriority
                0x08000bfc       0x66 ./Drivers/STM32F4xx_HAL_Driver/Src/stm32f4xx_hal_cortex.o
 *fill*         0x08000c62        0x2 
 .text.SysTick_Config
                0x08000c64       0x44 ./Drivers/STM32F4xx_HAL_Driver/Src/stm32f4xx_hal_cortex.o
 .text.HAL_NVIC_SetPriorityGrouping
                0x08000ca8       0x16 ./Drivers/STM32F4xx_HAL_Driver/Src/stm32f4xx_hal_cortex.o
                0x08000ca8                HAL_NVIC_SetPriorityGrouping
 .text.HAL_NVIC_SetPriority
                0x08000cbe       0x38 ./Drivers/STM32F4xx_HAL_Driver/Src/stm32f4xx_hal_cortex.o
                0x08000cbe                HAL_NVIC_SetPriority
 .text.HAL_SYSTICK_Config
                0x08000cf6       0x18 ./Drivers/STM32F4xx_HAL_Driver/Src/stm32f4xx_hal_cortex.o
                0x08000cf6                HAL_SYSTICK_Config
 *fill*         0x08000d0e        0x2 
 .text.HAL_GPIO_Init
                0x08000d10      0x328 ./Drivers/STM32F4xx_HAL_Driver/Src/stm32f4xx_hal_gpio.o
                0x08000d10                HAL_GPIO_Init
 .text.HAL_GPIO_WritePin
                0x08001038       0x32 ./Drivers/STM32F4xx_HAL_Driver/Src/stm32f4xx_hal_gpio.o
                0x08001038                HAL_GPIO_WritePin
 *fill*         0x0800106a        0x2 
 .text.HAL_I2C_Init
                0x0800106c      0x288 ./Drivers/STM32F4xx_HAL_Driver/Src/stm32f4xx_hal_i2c.o
                0x0800106c                HAL_I2C_Init
 .text.HAL_I2C_Master_Transmit
                0x080012f4      0x1fc ./Drivers/STM32F4xx_HAL_Driver/Src/stm32f4xx_hal_i2c.o
                0x080012f4                HAL_I2C_Master_Transmit
 .text.HAL_I2C_Master_Receive
                0x080014f0      0x464 ./Drivers/STM32F4xx_HAL_Driver/Src/stm32f4xx_hal_i2c.o
                0x080014f0                HAL_I2C_Master_Receive
 .text.I2C_MasterRequestWrite
                0x08001954      0x104 ./Drivers/STM32F4xx_HAL_Driver/Src/stm32f4xx_hal_i2c.o
 .text.I2C_MasterRequestRead
                0x08001a58      0x19c ./Drivers/STM32F4xx_HAL_Driver/Src/stm32f4xx_hal_i2c.o
 .text.I2C_WaitOnFlagUntilTimeout
                0x08001bf4       0xf4 ./Drivers/STM32F4xx_HAL_Driver/Src/stm32f4xx_hal_i2c.o
 .text.I2C_WaitOnMasterAddressFlagUntilTimeout
                0x08001ce8      0x140 ./Drivers/STM32F4xx_HAL_Driver/Src/stm32f4xx_hal_i2c.o
 .text.I2C_WaitOnTXEFlagUntilTimeout
                0x08001e28       0x90 ./Drivers/STM32F4xx_HAL_Driver/Src/stm32f4xx_hal_i2c.o
 .text.I2C_WaitOnBTFFlagUntilTimeout
                0x08001eb8       0x90 ./Drivers/STM32F4xx_HAL_Driver/Src/stm32f4xx_hal_i2c.o
 .text.I2C_WaitOnRXNEFlagUntilTimeout
                0x08001f48       0xba ./Drivers/STM32F4xx_HAL_Driver/Src/stm32f4xx_hal_i2c.o
 .text.I2C_IsAcknowledgeFailed
                0x08002002       0x5e ./Drivers/STM32F4xx_HAL_Driver/Src/stm32f4xx_hal_i2c.o
 .text.HAL_RCC_ClockConfig
                0x08002060      0x1cc ./Drivers/STM32F4xx_HAL_Driver/Src/stm32f4xx_hal_rcc.o
                0x08002060                HAL_RCC_ClockConfig
 .text.HAL_RCC_GetHCLKFreq
                0x0800222c       0x18 ./Drivers/STM32F4xx_HAL_Driver/Src/stm32f4xx_hal_rcc.o
                0x0800222c                HAL_RCC_GetHCLKFreq
 .text.HAL_RCC_GetPCLK1Freq
                0x08002244       0x28 ./Drivers/STM32F4xx_HAL_Driver/Src/stm32f4xx_hal_rcc.o
                0x08002244                HAL_RCC_GetPCLK1Freq
 .text.HAL_RCC_GetSysClockFreq
                0x0800226c      0x460 ./Drivers/STM32F4xx_HAL_Driver/Src/stm32f4xx_hal_rcc_ex.o
                0x0800226c                HAL_RCC_GetSysClockFreq
 .text.HAL_RCC_OscConfig
                0x080026cc      0x53c ./Drivers/STM32F4xx_HAL_Driver/Src/stm32f4xx_hal_rcc_ex.o
                0x080026cc                HAL_RCC_OscConfig
 .text.VL53L0X_GetOffsetCalibrationDataMicroMeter
                0x08002c08       0x26 ./Drivers/VL53L0X/core/src/vl53l0x_api.o
                0x08002c08                VL53L0X_GetOffsetCalibrationDataMicroMeter
 .text.VL53L0X_SetDeviceAddress
                0x08002c2e       0x30 ./Drivers/VL53L0X/core/src/vl53l0x_api.o
                0x08002c2e                VL53L0X_SetDeviceAddress
 *fill*         0x08002c5e        0x2 
 .text.VL53L0X_DataInit
                0x08002c60      0x2c8 ./Drivers/VL53L0X/core/src/vl53l0x_api.o
                0x08002c60                VL53L0X_DataInit
 .text.VL53L0X_StaticInit
                0x08002f28      0x300 ./Drivers/VL53L0X/core/src/vl53l0x_api.o
                0x08002f28                VL53L0X_StaticInit
 .text.VL53L0X_WaitDeviceBooted
                0x08003228       0x1c ./Drivers/VL53L0X/core/src/vl53l0x_api.o
                0x08003228                VL53L0X_WaitDeviceBooted
 .text.VL53L0X_GetDeviceParameters
                0x08003244      0x120 ./Drivers/VL53L0X/core/src/vl53l0x_api.o
                0x08003244                VL53L0X_GetDeviceParameters
 .text.VL53L0X_SetDeviceMode
                0x08003364       0x58 ./Drivers/VL53L0X/core/src/vl53l0x_api.o
                0x08003364                VL53L0X_SetDeviceMode
 .text.VL53L0X_GetDeviceMode
                0x080033bc       0x26 ./Drivers/VL53L0X/core/src/vl53l0x_api.o
                0x080033bc                VL53L0X_GetDeviceMode
 .text.VL53L0X_GetFractionEnable
                0x080033e2       0x3e ./Drivers/VL53L0X/core/src/vl53l0x_api.o
                0x080033e2                VL53L0X_GetFractionEnable
 .text.VL53L0X_SetMeasurementTimingBudgetMicroSeconds
                0x08003420       0x26 ./Drivers/VL53L0X/core/src/vl53l0x_api.o
                0x08003420                VL53L0X_SetMeasurementTimingBudgetMicroSeconds
 .text.VL53L0X_GetMeasurementTimingBudgetMicroSeconds
                0x08003446       0x26 ./Drivers/VL53L0X/core/src/vl53l0x_api.o
                0x08003446                VL53L0X_GetMeasurementTimingBudgetMicroSeconds
 .text.VL53L0X_SetVcselPulsePeriod
                0x0800346c       0x30 ./Drivers/VL53L0X/core/src/vl53l0x_api.o
                0x0800346c                VL53L0X_SetVcselPulsePeriod
 .text.VL53L0X_GetVcselPulsePeriod
                0x0800349c       0x2e ./Drivers/VL53L0X/core/src/vl53l0x_api.o
                0x0800349c                VL53L0X_GetVcselPulsePeriod
 *fill*         0x080034ca        0x2 
 .text.VL53L0X_SetSequenceStepEnable
                0x080034cc      0x140 ./Drivers/VL53L0X/core/src/vl53l0x_api.o
                0x080034cc                VL53L0X_SetSequenceStepEnable
 .text.sequence_step_enabled
                0x0800360c       0xa4 ./Drivers/VL53L0X/core/src/vl53l0x_api.o
                0x0800360c                sequence_step_enabled
 .text.VL53L0X_GetSequenceStepEnables
                0x080036b0       0xb0 ./Drivers/VL53L0X/core/src/vl53l0x_api.o
                0x080036b0                VL53L0X_GetSequenceStepEnables
 .text.VL53L0X_GetInterMeasurementPeriodMilliSeconds
                0x08003760       0x68 ./Drivers/VL53L0X/core/src/vl53l0x_api.o
                0x08003760                VL53L0X_GetInterMeasurementPeriodMilliSeconds
 .text.VL53L0X_GetXTalkCompensationEnable
                0x080037c8       0x2a ./Drivers/VL53L0X/core/src/vl53l0x_api.o
                0x080037c8                VL53L0X_GetXTalkCompensationEnable
 .text.VL53L0X_GetXTalkCompensationRateMegaCps
                0x080037f2       0x66 ./Drivers/VL53L0X/core/src/vl53l0x_api.o
                0x080037f2                VL53L0X_GetXTalkCompensationRateMegaCps
 .text.VL53L0X_SetLimitCheckEnable
                0x08003858      0x118 ./Drivers/VL53L0X/core/src/vl53l0x_api.o
                0x08003858                VL53L0X_SetLimitCheckEnable
 .text.VL53L0X_GetLimitCheckEnable
                0x08003970       0x46 ./Drivers/VL53L0X/core/src/vl53l0x_api.o
                0x08003970                VL53L0X_GetLimitCheckEnable
 *fill*         0x080039b6        0x2 
 .text.VL53L0X_SetLimitCheckValue
                0x080039b8       0xc4 ./Drivers/VL53L0X/core/src/vl53l0x_api.o
                0x080039b8                VL53L0X_SetLimitCheckValue
 .text.VL53L0X_GetLimitCheckValue
                0x08003a7c      0x11c ./Drivers/VL53L0X/core/src/vl53l0x_api.o
                0x08003a7c                VL53L0X_GetLimitCheckValue
 .text.VL53L0X_GetWrapAroundCheckEnable
                0x08003b98       0x64 ./Drivers/VL53L0X/core/src/vl53l0x_api.o
                0x08003b98                VL53L0X_GetWrapAroundCheckEnable
 .text.VL53L0X_PerformSingleMeasurement
                0x08003bfc       0x68 ./Drivers/VL53L0X/core/src/vl53l0x_api.o
                0x08003bfc                VL53L0X_PerformSingleMeasurement
 .text.VL53L0X_PerformRefCalibration
                0x08003c64       0x2c ./Drivers/VL53L0X/core/src/vl53l0x_api.o
                0x08003c64                VL53L0X_PerformRefCalibration
 .text.VL53L0X_CheckAndLoadInterruptSettings
                0x08003c90       0xcc ./Drivers/VL53L0X/core/src/vl53l0x_api.o
                0x08003c90                VL53L0X_CheckAndLoadInterruptSettings
 .text.VL53L0X_StartMeasurement
                0x08003d5c      0x184 ./Drivers/VL53L0X/core/src/vl53l0x_api.o
                0x08003d5c                VL53L0X_StartMeasurement
 .text.VL53L0X_GetMeasurementDataReady
                0x08003ee0       0x80 ./Drivers/VL53L0X/core/src/vl53l0x_api.o
                0x08003ee0                VL53L0X_GetMeasurementDataReady
 .text.VL53L0X_GetRangingMeasurementData
                0x08003f60      0x238 ./Drivers/VL53L0X/core/src/vl53l0x_api.o
                0x08003f60                VL53L0X_GetRangingMeasurementData
 .text.VL53L0X_PerformSingleRangingMeasurement
                0x08004198       0x60 ./Drivers/VL53L0X/core/src/vl53l0x_api.o
                0x08004198                VL53L0X_PerformSingleRangingMeasurement
 .text.VL53L0X_SetGpioConfig
                0x080041f8      0x244 ./Drivers/VL53L0X/core/src/vl53l0x_api.o
                0x080041f8                VL53L0X_SetGpioConfig
 .text.VL53L0X_GetInterruptThresholds
                0x0800443c       0x68 ./Drivers/VL53L0X/core/src/vl53l0x_api.o
                0x0800443c                VL53L0X_GetInterruptThresholds
 .text.VL53L0X_ClearInterruptMask
                0x080044a4       0x80 ./Drivers/VL53L0X/core/src/vl53l0x_api.o
                0x080044a4                VL53L0X_ClearInterruptMask
 .text.VL53L0X_GetInterruptMaskStatus
                0x08004524       0x44 ./Drivers/VL53L0X/core/src/vl53l0x_api.o
                0x08004524                VL53L0X_GetInterruptMaskStatus
 .text.VL53L0X_PerformRefSpadManagement
                0x08004568       0x2a ./Drivers/VL53L0X/core/src/vl53l0x_api.o
                0x08004568                VL53L0X_PerformRefSpadManagement
 .text.VL53L0X_get_offset_calibration_data_micro_meter
                0x08004592       0x7e ./Drivers/VL53L0X/core/src/vl53l0x_api_calibration.o
                0x08004592                VL53L0X_get_offset_calibration_data_micro_meter
 .text.get_next_good_spad
                0x08004610       0xbc ./Drivers/VL53L0X/core/src/vl53l0x_api_calibration.o
                0x08004610                get_next_good_spad
 .text.is_aperture
                0x080046cc       0x34 ./Drivers/VL53L0X/core/src/vl53l0x_api_calibration.o
                0x080046cc                is_aperture
 .text.enable_spad_bit
                0x08004700       0x70 ./Drivers/VL53L0X/core/src/vl53l0x_api_calibration.o
                0x08004700                enable_spad_bit
 .text.set_ref_spad_map
                0x08004770       0x26 ./Drivers/VL53L0X/core/src/vl53l0x_api_calibration.o
                0x08004770                set_ref_spad_map
 .text.get_ref_spad_map
                0x08004796       0x26 ./Drivers/VL53L0X/core/src/vl53l0x_api_calibration.o
                0x08004796                get_ref_spad_map
 .text.enable_ref_spads
                0x080047bc       0xf8 ./Drivers/VL53L0X/core/src/vl53l0x_api_calibration.o
                0x080047bc                enable_ref_spads
 .text.perform_ref_signal_measurement
                0x080048b4       0xd4 ./Drivers/VL53L0X/core/src/vl53l0x_api_calibration.o
                0x080048b4                perform_ref_signal_measurement
 .text.VL53L0X_perform_ref_spad_management
                0x08004988      0x418 ./Drivers/VL53L0X/core/src/vl53l0x_api_calibration.o
                0x08004988                VL53L0X_perform_ref_spad_management
 .text.VL53L0X_set_reference_spads
                0x08004da0      0x14a ./Drivers/VL53L0X/core/src/vl53l0x_api_calibration.o
                0x08004da0                VL53L0X_set_reference_spads
 .text.VL53L0X_perform_single_ref_calibration
                0x08004eea       0x76 ./Drivers/VL53L0X/core/src/vl53l0x_api_calibration.o
                0x08004eea                VL53L0X_perform_single_ref_calibration
 .text.VL53L0X_ref_calibration_io
                0x08004f60      0x132 ./Drivers/VL53L0X/core/src/vl53l0x_api_calibration.o
                0x08004f60                VL53L0X_ref_calibration_io
 .text.VL53L0X_perform_vhv_calibration
                0x08005092       0xce ./Drivers/VL53L0X/core/src/vl53l0x_api_calibration.o
                0x08005092                VL53L0X_perform_vhv_calibration
 .text.VL53L0X_perform_phase_calibration
                0x08005160       0xca ./Drivers/VL53L0X/core/src/vl53l0x_api_calibration.o
                0x08005160                VL53L0X_perform_phase_calibration
 .text.VL53L0X_perform_ref_calibration
                0x0800522a       0x7a ./Drivers/VL53L0X/core/src/vl53l0x_api_calibration.o
                0x0800522a                VL53L0X_perform_ref_calibration
 .text.VL53L0X_measurement_poll_for_completion
                0x080052a4       0x60 ./Drivers/VL53L0X/core/src/vl53l0x_api_core.o
                0x080052a4                VL53L0X_measurement_poll_for_completion
 .text.VL53L0X_decode_vcsel_period
                0x08005304       0x26 ./Drivers/VL53L0X/core/src/vl53l0x_api_core.o
                0x08005304                VL53L0X_decode_vcsel_period
 .text.VL53L0X_encode_vcsel_period
                0x0800532a       0x26 ./Drivers/VL53L0X/core/src/vl53l0x_api_core.o
                0x0800532a                VL53L0X_encode_vcsel_period
 .text.VL53L0X_isqrt
                0x08005350       0x68 ./Drivers/VL53L0X/core/src/vl53l0x_api_core.o
                0x08005350                VL53L0X_isqrt
 .text.VL53L0X_device_read_strobe
                0x080053b8       0x86 ./Drivers/VL53L0X/core/src/vl53l0x_api_core.o
                0x080053b8                VL53L0X_device_read_strobe
 .text.VL53L0X_get_info_from_device
                0x0800543e      0x99a ./Drivers/VL53L0X/core/src/vl53l0x_api_core.o
                0x0800543e                VL53L0X_get_info_from_device
 .text.VL53L0X_calc_macro_period_ps
                0x08005dd8       0x3c ./Drivers/VL53L0X/core/src/vl53l0x_api_core.o
                0x08005dd8                VL53L0X_calc_macro_period_ps
 .text.VL53L0X_encode_timeout
                0x08005e14       0x54 ./Drivers/VL53L0X/core/src/vl53l0x_api_core.o
                0x08005e14                VL53L0X_encode_timeout
 .text.VL53L0X_decode_timeout
                0x08005e68       0x2c ./Drivers/VL53L0X/core/src/vl53l0x_api_core.o
                0x08005e68                VL53L0X_decode_timeout
 .text.VL53L0X_calc_timeout_mclks
                0x08005e94       0x54 ./Drivers/VL53L0X/core/src/vl53l0x_api_core.o
                0x08005e94                VL53L0X_calc_timeout_mclks
 .text.VL53L0X_calc_timeout_us
                0x08005ee8       0x54 ./Drivers/VL53L0X/core/src/vl53l0x_api_core.o
                0x08005ee8                VL53L0X_calc_timeout_us
 .text.get_sequence_step_timeout
                0x08005f3c      0x1c0 ./Drivers/VL53L0X/core/src/vl53l0x_api_core.o
                0x08005f3c                get_sequence_step_timeout
 .text.set_sequence_step_timeout
                0x080060fc      0x1e4 ./Drivers/VL53L0X/core/src/vl53l0x_api_core.o
                0x080060fc                set_sequence_step_timeout
 .text.VL53L0X_set_vcsel_pulse_period
                0x080062e0      0x50e ./Drivers/VL53L0X/core/src/vl53l0x_api_core.o
                0x080062e0                VL53L0X_set_vcsel_pulse_period
 .text.VL53L0X_get_vcsel_pulse_period
                0x080067ee       0x6e ./Drivers/VL53L0X/core/src/vl53l0x_api_core.o
                0x080067ee                VL53L0X_get_vcsel_pulse_period
 .text.VL53L0X_set_measurement_timing_budget_micro_seconds
                0x0800685c      0x1c0 ./Drivers/VL53L0X/core/src/vl53l0x_api_core.o
                0x0800685c                VL53L0X_set_measurement_timing_budget_micro_seconds
 .text.VL53L0X_get_measurement_timing_budget_micro_seconds
                0x08006a1c      0x162 ./Drivers/VL53L0X/core/src/vl53l0x_api_core.o
                0x08006a1c                VL53L0X_get_measurement_timing_budget_micro_seconds
 *fill*         0x08006b7e        0x2 
 .text.VL53L0X_load_tuning_settings
                0x08006b80      0x1c4 ./Drivers/VL53L0X/core/src/vl53l0x_api_core.o
                0x08006b80                VL53L0X_load_tuning_settings
 .text.VL53L0X_get_total_xtalk_rate
                0x08006d44       0x5e ./Drivers/VL53L0X/core/src/vl53l0x_api_core.o
                0x08006d44                VL53L0X_get_total_xtalk_rate
 .text.VL53L0X_get_total_signal_rate
                0x08006da2       0x4a ./Drivers/VL53L0X/core/src/vl53l0x_api_core.o
                0x08006da2                VL53L0X_get_total_signal_rate
 .text.VL53L0X_calc_dmax
                0x08006dec      0x238 ./Drivers/VL53L0X/core/src/vl53l0x_api_core.o
                0x08006dec                VL53L0X_calc_dmax
 .text.VL53L0X_calc_sigma_estimate
                0x08007024      0x498 ./Drivers/VL53L0X/core/src/vl53l0x_api_core.o
                0x08007024                VL53L0X_calc_sigma_estimate
 .text.VL53L0X_get_pal_range_status
                0x080074bc      0x3b6 ./Drivers/VL53L0X/core/src/vl53l0x_api_core.o
                0x080074bc                VL53L0X_get_pal_range_status
 .text._I2CWrite
                0x08007872       0x3e ./Drivers/VL53L0X/platform/src/vl53l0x_platform.o
                0x08007872                _I2CWrite
 .text._I2CRead
                0x080078b0       0x44 ./Drivers/VL53L0X/platform/src/vl53l0x_platform.o
                0x080078b0                _I2CRead
 .text.VL53L0X_WriteMulti
                0x080078f4       0x60 ./Drivers/VL53L0X/platform/src/vl53l0x_platform.o
                0x080078f4                VL53L0X_WriteMulti
 .text.VL53L0X_ReadMulti
                0x08007954       0x56 ./Drivers/VL53L0X/platform/src/vl53l0x_platform.o
                0x08007954                VL53L0X_ReadMulti
 *fill*         0x080079aa        0x2 
 .text.VL53L0X_WrByte
                0x080079ac       0x48 ./Drivers/VL53L0X/platform/src/vl53l0x_platform.o
                0x080079ac                VL53L0X_WrByte
 .text.VL53L0X_WrWord
                0x080079f4       0x54 ./Drivers/VL53L0X/platform/src/vl53l0x_platform.o
                0x080079f4                VL53L0X_WrWord
 .text.VL53L0X_UpdateByte
                0x08007a48       0x68 ./Drivers/VL53L0X/platform/src/vl53l0x_platform.o
                0x08007a48                VL53L0X_UpdateByte
 .text.VL53L0X_RdByte
                0x08007ab0       0x54 ./Drivers/VL53L0X/platform/src/vl53l0x_platform.o
                0x08007ab0                VL53L0X_RdByte
 .text.VL53L0X_RdWord
                0x08007b04       0x6c ./Drivers/VL53L0X/platform/src/vl53l0x_platform.o
                0x08007b04                VL53L0X_RdWord
 .text.VL53L0X_RdDWord
                0x08007b70       0x78 ./Drivers/VL53L0X/platform/src/vl53l0x_platform.o
                0x08007b70                VL53L0X_RdDWord
 .text.VL53L0X_PollingDelay
                0x08007be8       0x1e ./Drivers/VL53L0X/platform/src/vl53l0x_platform.o
                0x08007be8                VL53L0X_PollingDelay
 .text.memset   0x08007c06       0x10 C:/ST/STM32CubeIDE_1.19.0/STM32CubeIDE/plugins/com.st.stm32cube.ide.mcu.externaltools.gnu-tools-for-stm32.13.3.rel1.win32_1.0.0.202411081344/tools/bin/../lib/gcc/arm-none-eabi/13.3.1/../../../../arm-none-eabi/lib/thumb/v7e-m+fp/hard\libc_nano.a(libc_a-memset.o)
                0x08007c06                memset
 *fill*         0x08007c16        0x2 
 .text.__libc_init_array
                0x08007c18       0x48 C:/ST/STM32CubeIDE_1.19.0/STM32CubeIDE/plugins/com.st.stm32cube.ide.mcu.externaltools.gnu-tools-for-stm32.13.3.rel1.win32_1.0.0.202411081344/tools/bin/../lib/gcc/arm-none-eabi/13.3.1/../../../../arm-none-eabi/lib/thumb/v7e-m+fp/hard\libc_nano.a(libc_a-init.o)
                0x08007c18                __libc_init_array
 .text.strcpy   0x08007c60       0x10 C:/ST/STM32CubeIDE_1.19.0/STM32CubeIDE/plugins/com.st.stm32cube.ide.mcu.externaltools.gnu-tools-for-stm32.13.3.rel1.win32_1.0.0.202411081344/tools/bin/../lib/gcc/arm-none-eabi/13.3.1/../../../../arm-none-eabi/lib/thumb/v7e-m+fp/hard\libc_nano.a(libc_a-strcpy.o)
                0x08007c60                strcpy
 .text.memcpy   0x08007c70       0x1c C:/ST/STM32CubeIDE_1.19.0/STM32CubeIDE/plugins/com.st.stm32cube.ide.mcu.externaltools.gnu-tools-for-stm32.13.3.rel1.win32_1.0.0.202411081344/tools/bin/../lib/gcc/arm-none-eabi/13.3.1/../../../../arm-none-eabi/lib/thumb/v7e-m+fp/hard\libc_nano.a(libc_a-memcpy-stub.o)
                0x08007c70                memcpy
 *(.glue_7)
 .glue_7        0x08007c8c        0x0 linker stubs
 *(.glue_7t)
 .glue_7t       0x08007c8c        0x0 linker stubs
 *(.eh_frame)
 .eh_frame      0x08007c8c        0x0 C:/ST/STM32CubeIDE_1.19.0/STM32CubeIDE/plugins/com.st.stm32cube.ide.mcu.externaltools.gnu-tools-for-stm32.13.3.rel1.win32_1.0.0.202411081344/tools/bin/../lib/gcc/arm-none-eabi/13.3.1/thumb/v7e-m+fp/hard/crtbegin.o
 *(.init)
 .init          0x08007c8c        0x4 C:/ST/STM32CubeIDE_1.19.0/STM32CubeIDE/plugins/com.st.stm32cube.ide.mcu.externaltools.gnu-tools-for-stm32.13.3.rel1.win32_1.0.0.202411081344/tools/bin/../lib/gcc/arm-none-eabi/13.3.1/thumb/v7e-m+fp/hard/crti.o
                0x08007c8c                _init
 .init          0x08007c90        0x8 C:/ST/STM32CubeIDE_1.19.0/STM32CubeIDE/plugins/com.st.stm32cube.ide.mcu.externaltools.gnu-tools-for-stm32.13.3.rel1.win32_1.0.0.202411081344/tools/bin/../lib/gcc/arm-none-eabi/13.3.1/thumb/v7e-m+fp/hard/crtn.o
 *(.fini)
 .fini          0x08007c98        0x4 C:/ST/STM32CubeIDE_1.19.0/STM32CubeIDE/plugins/com.st.stm32cube.ide.mcu.externaltools.gnu-tools-for-stm32.13.3.rel1.win32_1.0.0.202411081344/tools/bin/../lib/gcc/arm-none-eabi/13.3.1/thumb/v7e-m+fp/hard/crti.o
                0x08007c98                _fini
 .fini          0x08007c9c        0x8 C:/ST/STM32CubeIDE_1.19.0/STM32CubeIDE/plugins/com.st.stm32cube.ide.mcu.externaltools.gnu-tools-for-stm32.13.3.rel1.win32_1.0.0.202411081344/tools/bin/../lib/gcc/arm-none-eabi/13.3.1/thumb/v7e-m+fp/hard/crtn.o
                0x08007ca4                        . = ALIGN (0x4)
                0x08007ca4                        _etext = .

.vfp11_veneer   0x08007ca4        0x0
 .vfp11_veneer  0x08007ca4        0x0 linker stubs

.v4_bx          0x08007ca4        0x0
 .v4_bx         0x08007ca4        0x0 linker stubs

.iplt           0x08007ca4        0x0
 .iplt          0x08007ca4        0x0 C:/ST/STM32CubeIDE_1.19.0/STM32CubeIDE/plugins/com.st.stm32cube.ide.mcu.externaltools.gnu-tools-for-stm32.13.3.rel1.win32_1.0.0.202411081344/tools/bin/../lib/gcc/arm-none-eabi/13.3.1/thumb/v7e-m+fp/hard/crtbegin.o

.rodata         0x08007ca4       0x18
                0x08007ca4                        . = ALIGN (0x4)
 *(.rodata)
 *(.rodata*)
 .rodata.AHBPrescTable
                0x08007ca4       0x10 ./Core/Src/system_stm32f4xx.o
                0x08007ca4                AHBPrescTable
 .rodata.APBPrescTable
                0x08007cb4        0x8 ./Core/Src/system_stm32f4xx.o
                0x08007cb4                APBPrescTable
                0x08007cbc                        . = ALIGN (0x4)

.ARM.extab      0x08007cbc        0x0
                0x08007cbc                        . = ALIGN (0x4)
 *(.ARM.extab* .gnu.linkonce.armextab.*)
                0x08007cbc                        . = ALIGN (0x4)

.ARM            0x08007cbc        0x8
                0x08007cbc                        . = ALIGN (0x4)
                0x08007cbc                        __exidx_start = .
 *(.ARM.exidx*)
 .ARM.exidx     0x08007cbc        0x8 C:/ST/STM32CubeIDE_1.19.0/STM32CubeIDE/plugins/com.st.stm32cube.ide.mcu.externaltools.gnu-tools-for-stm32.13.3.rel1.win32_1.0.0.202411081344/tools/bin/../lib/gcc/arm-none-eabi/13.3.1/thumb/v7e-m+fp/hard\libgcc.a(_udivmoddi4.o)
                0x08007cc4                        __exidx_end = .
                0x08007cc4                        . = ALIGN (0x4)

.preinit_array  0x08007cc4        0x0
                0x08007cc4                        . = ALIGN (0x4)
                0x08007cc4                        PROVIDE (__preinit_array_start = .)
 *(.preinit_array*)
                0x08007cc4                        PROVIDE (__preinit_array_end = .)
                0x08007cc4                        . = ALIGN (0x4)

.init_array     0x08007cc4        0x4
                0x08007cc4                        . = ALIGN (0x4)
                0x08007cc4                        PROVIDE (__init_array_start = .)
 *(SORT_BY_NAME(.init_array.*))
 *(.init_array*)
 .init_array    0x08007cc4        0x4 C:/ST/STM32CubeIDE_1.19.0/STM32CubeIDE/plugins/com.st.stm32cube.ide.mcu.externaltools.gnu-tools-for-stm32.13.3.rel1.win32_1.0.0.202411081344/tools/bin/../lib/gcc/arm-none-eabi/13.3.1/thumb/v7e-m+fp/hard/crtbegin.o
                0x08007cc8                        PROVIDE (__init_array_end = .)
                0x08007cc8                        . = ALIGN (0x4)

.fini_array     0x08007cc8        0x4
                0x08007cc8                        . = ALIGN (0x4)
                [!provide]                        PROVIDE (__fini_array_start = .)
 *(SORT_BY_NAME(.fini_array.*))
 *(.fini_array*)
 .fini_array    0x08007cc8        0x4 C:/ST/STM32CubeIDE_1.19.0/STM32CubeIDE/plugins/com.st.stm32cube.ide.mcu.externaltools.gnu-tools-for-stm32.13.3.rel1.win32_1.0.0.202411081344/tools/bin/../lib/gcc/arm-none-eabi/13.3.1/thumb/v7e-m+fp/hard/crtbegin.o
                [!provide]                        PROVIDE (__fini_array_end = .)
                0x08007ccc                        . = ALIGN (0x4)
                0x08007ccc                        _sidata = LOADADDR (.data)

.rel.dyn        0x08007ccc        0x0
 .rel.iplt      0x08007ccc        0x0 C:/ST/STM32CubeIDE_1.19.0/STM32CubeIDE/plugins/com.st.stm32cube.ide.mcu.externaltools.gnu-tools-for-stm32.13.3.rel1.win32_1.0.0.202411081344/tools/bin/../lib/gcc/arm-none-eabi/13.3.1/thumb/v7e-m+fp/hard/crtbegin.o

.data           0x20000000      0x2cc load address 0x08007ccc
                0x20000000                        . = ALIGN (0x4)
                0x20000000                        _sdata = .
 *(.data)
 *(.data*)
 .data.Dev      0x20000000        0x4 ./Core/Src/main.o
                0x20000000                Dev
 .data.SystemCoreClock
                0x20000004        0x4 ./Core/Src/system_stm32f4xx.o
                0x20000004                SystemCoreClock
 .data.uwTickPrio
                0x20000008        0x4 ./Drivers/STM32F4xx_HAL_Driver/Src/stm32f4xx_hal.o
                0x20000008                uwTickPrio
 .data.uwTickFreq
                0x2000000c        0x1 ./Drivers/STM32F4xx_HAL_Driver/Src/stm32f4xx_hal.o
                0x2000000c                uwTickFreq
 *fill*         0x2000000d        0x3 
 .data.DefaultTuningSettings
                0x20000010       0xf3 ./Drivers/VL53L0X/core/src/vl53l0x_api.o
                0x20000010                DefaultTuningSettings
 *fill*         0x20000103        0x1 
 .data.InterruptThresholdSettings
                0x20000104      0x1b6 ./Drivers/VL53L0X/core/src/vl53l0x_api.o
                0x20000104                InterruptThresholdSettings
 *fill*         0x200002ba        0x2 
 .data.refArrayQuadrants
                0x200002bc       0x10 ./Drivers/VL53L0X/core/src/vl53l0x_api_calibration.o
                0x200002bc                refArrayQuadrants
 *(.RamFunc)
 *(.RamFunc*)
                0x200002cc                        . = ALIGN (0x4)
                0x200002cc                        _edata = .

.igot.plt       0x200002cc        0x0 load address 0x08007f98
 .igot.plt      0x200002cc        0x0 C:/ST/STM32CubeIDE_1.19.0/STM32CubeIDE/plugins/com.st.stm32cube.ide.mcu.externaltools.gnu-tools-for-stm32.13.3.rel1.win32_1.0.0.202411081344/tools/bin/../lib/gcc/arm-none-eabi/13.3.1/thumb/v7e-m+fp/hard/crtbegin.o
                0x200002cc                        . = ALIGN (0x4)

.bss            0x200002cc      0x264 load address 0x08007f98
                0x200002cc                        _sbss = .
                0x200002cc                        __bss_start__ = _sbss
 *(.bss)
 .bss           0x200002cc       0x1c C:/ST/STM32CubeIDE_1.19.0/STM32CubeIDE/plugins/com.st.stm32cube.ide.mcu.externaltools.gnu-tools-for-stm32.13.3.rel1.win32_1.0.0.202411081344/tools/bin/../lib/gcc/arm-none-eabi/13.3.1/thumb/v7e-m+fp/hard/crtbegin.o
 *(.bss*)
 .bss.hi2c1     0x200002e8       0x54 ./Core/Src/main.o
                0x200002e8                hi2c1
 .bss.RangingData
                0x2000033c       0x1c ./Core/Src/main.o
                0x2000033c                RangingData
 .bss.vl53l0x_c
                0x20000358      0x190 ./Core/Src/main.o
                0x20000358                vl53l0x_c
 .bss.distanceIncms
                0x200004e8        0x4 ./Core/Src/main.o
                0x200004e8                distanceIncms
 .bss.uwTick    0x200004ec        0x4 ./Drivers/STM32F4xx_HAL_Driver/Src/stm32f4xx_hal.o
                0x200004ec                uwTick
 .bss._I2CBuffer
                0x200004f0       0x40 ./Drivers/VL53L0X/platform/src/vl53l0x_platform.o
                0x200004f0                _I2CBuffer
 *(COMMON)
                0x20000530                        . = ALIGN (0x4)
                0x20000530                        _ebss = .
                0x20000530                        __bss_end__ = _ebss

._user_heap_stack
                0x20000530      0x600 load address 0x08007f98
                0x20000530                        . = ALIGN (0x8)
                [!provide]                        PROVIDE (end = .)
                0x20000530                        PROVIDE (_end = .)
                0x20000730                        . = (. + _Min_Heap_Size)
 *fill*         0x20000530      0x200 
                0x20000b30                        . = (. + _Min_Stack_Size)
 *fill*         0x20000730      0x400 
                0x20000b30                        . = ALIGN (0x8)

/DISCARD/
 libc.a(*)
 libm.a(*)
 libgcc.a(*)

.ARM.attributes
                0x00000000       0x30
 *(.ARM.attributes)
 .ARM.attributes
                0x00000000       0x22 C:/ST/STM32CubeIDE_1.19.0/STM32CubeIDE/plugins/com.st.stm32cube.ide.mcu.externaltools.gnu-tools-for-stm32.13.3.rel1.win32_1.0.0.202411081344/tools/bin/../lib/gcc/arm-none-eabi/13.3.1/thumb/v7e-m+fp/hard/crti.o
 .ARM.attributes
                0x00000022       0x34 C:/ST/STM32CubeIDE_1.19.0/STM32CubeIDE/plugins/com.st.stm32cube.ide.mcu.externaltools.gnu-tools-for-stm32.13.3.rel1.win32_1.0.0.202411081344/tools/bin/../lib/gcc/arm-none-eabi/13.3.1/thumb/v7e-m+fp/hard/crtbegin.o
 .ARM.attributes
                0x00000056       0x34 ./Core/Src/main.o
 .ARM.attributes
                0x0000008a       0x34 ./Core/Src/stm32f4xx_hal_msp.o
 .ARM.attributes
                0x000000be       0x34 ./Core/Src/stm32f4xx_it.o
 .ARM.attributes
                0x000000f2       0x34 ./Core/Src/system_stm32f4xx.o
 .ARM.attributes
                0x00000126       0x21 ./Core/Startup/startup_stm32f446retx.o
 .ARM.attributes
                0x00000147       0x34 ./Drivers/STM32F4xx_HAL_Driver/Src/stm32f4xx_hal.o
 .ARM.attributes
                0x0000017b       0x34 ./Drivers/STM32F4xx_HAL_Driver/Src/stm32f4xx_hal_cortex.o
 .ARM.attributes
                0x000001af       0x34 ./Drivers/STM32F4xx_HAL_Driver/Src/stm32f4xx_hal_gpio.o
 .ARM.attributes
                0x000001e3       0x34 ./Drivers/STM32F4xx_HAL_Driver/Src/stm32f4xx_hal_i2c.o
 .ARM.attributes
                0x00000217       0x34 ./Drivers/STM32F4xx_HAL_Driver/Src/stm32f4xx_hal_rcc.o
 .ARM.attributes
                0x0000024b       0x34 ./Drivers/STM32F4xx_HAL_Driver/Src/stm32f4xx_hal_rcc_ex.o
 .ARM.attributes
                0x0000027f       0x34 ./Drivers/VL53L0X/core/src/vl53l0x_api.o
 .ARM.attributes
                0x000002b3       0x34 ./Drivers/VL53L0X/core/src/vl53l0x_api_calibration.o
 .ARM.attributes
                0x000002e7       0x34 ./Drivers/VL53L0X/core/src/vl53l0x_api_core.o
 .ARM.attributes
                0x0000031b       0x34 ./Drivers/VL53L0X/platform/src/vl53l0x_platform.o
 .ARM.attributes
                0x0000034f       0x34 C:/ST/STM32CubeIDE_1.19.0/STM32CubeIDE/plugins/com.st.stm32cube.ide.mcu.externaltools.gnu-tools-for-stm32.13.3.rel1.win32_1.0.0.202411081344/tools/bin/../lib/gcc/arm-none-eabi/13.3.1/../../../../arm-none-eabi/lib/thumb/v7e-m+fp/hard\libc_nano.a(libc_a-memset.o)
 .ARM.attributes
                0x00000383       0x34 C:/ST/STM32CubeIDE_1.19.0/STM32CubeIDE/plugins/com.st.stm32cube.ide.mcu.externaltools.gnu-tools-for-stm32.13.3.rel1.win32_1.0.0.202411081344/tools/bin/../lib/gcc/arm-none-eabi/13.3.1/../../../../arm-none-eabi/lib/thumb/v7e-m+fp/hard\libc_nano.a(libc_a-init.o)
 .ARM.attributes
                0x000003b7       0x34 C:/ST/STM32CubeIDE_1.19.0/STM32CubeIDE/plugins/com.st.stm32cube.ide.mcu.externaltools.gnu-tools-for-stm32.13.3.rel1.win32_1.0.0.202411081344/tools/bin/../lib/gcc/arm-none-eabi/13.3.1/../../../../arm-none-eabi/lib/thumb/v7e-m+fp/hard\libc_nano.a(libc_a-strcpy.o)
 .ARM.attributes
                0x000003eb       0x34 C:/ST/STM32CubeIDE_1.19.0/STM32CubeIDE/plugins/com.st.stm32cube.ide.mcu.externaltools.gnu-tools-for-stm32.13.3.rel1.win32_1.0.0.202411081344/tools/bin/../lib/gcc/arm-none-eabi/13.3.1/../../../../arm-none-eabi/lib/thumb/v7e-m+fp/hard\libc_nano.a(libc_a-memcpy-stub.o)
 .ARM.attributes
                0x0000041f       0x22 C:/ST/STM32CubeIDE_1.19.0/STM32CubeIDE/plugins/com.st.stm32cube.ide.mcu.externaltools.gnu-tools-for-stm32.13.3.rel1.win32_1.0.0.202411081344/tools/bin/../lib/gcc/arm-none-eabi/13.3.1/thumb/v7e-m+fp/hard\libgcc.a(_aeabi_uldivmod.o)
 .ARM.attributes
                0x00000441       0x34 C:/ST/STM32CubeIDE_1.19.0/STM32CubeIDE/plugins/com.st.stm32cube.ide.mcu.externaltools.gnu-tools-for-stm32.13.3.rel1.win32_1.0.0.202411081344/tools/bin/../lib/gcc/arm-none-eabi/13.3.1/thumb/v7e-m+fp/hard\libgcc.a(_udivmoddi4.o)
 .ARM.attributes
                0x00000475       0x22 C:/ST/STM32CubeIDE_1.19.0/STM32CubeIDE/plugins/com.st.stm32cube.ide.mcu.externaltools.gnu-tools-for-stm32.13.3.rel1.win32_1.0.0.202411081344/tools/bin/../lib/gcc/arm-none-eabi/13.3.1/thumb/v7e-m+fp/hard\libgcc.a(_dvmd_tls.o)
 .ARM.attributes
                0x00000497       0x22 C:/ST/STM32CubeIDE_1.19.0/STM32CubeIDE/plugins/com.st.stm32cube.ide.mcu.externaltools.gnu-tools-for-stm32.13.3.rel1.win32_1.0.0.202411081344/tools/bin/../lib/gcc/arm-none-eabi/13.3.1/thumb/v7e-m+fp/hard/crtn.o
OUTPUT(level_sensor1.2_VL53L0X.elf elf32-littlearm)
LOAD linker stubs
LOAD C:/ST/STM32CubeIDE_1.19.0/STM32CubeIDE/plugins/com.st.stm32cube.ide.mcu.externaltools.gnu-tools-for-stm32.13.3.rel1.win32_1.0.0.202411081344/tools/bin/../lib/gcc/arm-none-eabi/13.3.1/../../../../arm-none-eabi/lib/thumb/v7e-m+fp/hard\libc.a
LOAD C:/ST/STM32CubeIDE_1.19.0/STM32CubeIDE/plugins/com.st.stm32cube.ide.mcu.externaltools.gnu-tools-for-stm32.13.3.rel1.win32_1.0.0.202411081344/tools/bin/../lib/gcc/arm-none-eabi/13.3.1/../../../../arm-none-eabi/lib/thumb/v7e-m+fp/hard\libm.a
LOAD C:/ST/STM32CubeIDE_1.19.0/STM32CubeIDE/plugins/com.st.stm32cube.ide.mcu.externaltools.gnu-tools-for-stm32.13.3.rel1.win32_1.0.0.202411081344/tools/bin/../lib/gcc/arm-none-eabi/13.3.1/thumb/v7e-m+fp/hard\libgcc.a

.debug_info     0x00000000    0x10097
 .debug_info    0x00000000     0x152b ./Core/Src/main.o
 .debug_info    0x0000152b      0x983 ./Core/Src/stm32f4xx_hal_msp.o
 .debug_info    0x00001eae      0x112 ./Core/Src/stm32f4xx_it.o
 .debug_info    0x00001fc0      0x54a ./Core/Src/system_stm32f4xx.o
 .debug_info    0x0000250a       0x30 ./Core/Startup/startup_stm32f446retx.o
 .debug_info    0x0000253a      0x99a ./Drivers/STM32F4xx_HAL_Driver/Src/stm32f4xx_hal.o
 .debug_info    0x00002ed4      0xdaa ./Drivers/STM32F4xx_HAL_Driver/Src/stm32f4xx_hal_cortex.o
 .debug_info    0x00003c7e      0x70b ./Drivers/STM32F4xx_HAL_Driver/Src/stm32f4xx_hal_gpio.o
 .debug_info    0x00004389     0x2421 ./Drivers/STM32F4xx_HAL_Driver/Src/stm32f4xx_hal_i2c.o
 .debug_info    0x000067aa      0x8ff ./Drivers/STM32F4xx_HAL_Driver/Src/stm32f4xx_hal_rcc.o
 .debug_info    0x000070a9      0x960 ./Drivers/STM32F4xx_HAL_Driver/Src/stm32f4xx_hal_rcc_ex.o
 .debug_info    0x00007a09     0x355c ./Drivers/VL53L0X/core/src/vl53l0x_api.o
 .debug_info    0x0000af65     0x1d29 ./Drivers/VL53L0X/core/src/vl53l0x_api_calibration.o
 .debug_info    0x0000cc8e     0x21df ./Drivers/VL53L0X/core/src/vl53l0x_api_core.o
 .debug_info    0x0000ee6d     0x122a ./Drivers/VL53L0X/platform/src/vl53l0x_platform.o

.debug_abbrev   0x00000000     0x1ee0
 .debug_abbrev  0x00000000      0x2be ./Core/Src/main.o
 .debug_abbrev  0x000002be      0x1ba ./Core/Src/stm32f4xx_hal_msp.o
 .debug_abbrev  0x00000478       0x73 ./Core/Src/stm32f4xx_it.o
 .debug_abbrev  0x000004eb      0x11a ./Core/Src/system_stm32f4xx.o
 .debug_abbrev  0x00000605       0x24 ./Core/Startup/startup_stm32f446retx.o
 .debug_abbrev  0x00000629      0x214 ./Drivers/STM32F4xx_HAL_Driver/Src/stm32f4xx_hal.o
 .debug_abbrev  0x0000083d      0x31d ./Drivers/STM32F4xx_HAL_Driver/Src/stm32f4xx_hal_cortex.o
 .debug_abbrev  0x00000b5a      0x1d4 ./Drivers/STM32F4xx_HAL_Driver/Src/stm32f4xx_hal_gpio.o
 .debug_abbrev  0x00000d2e      0x2ad ./Drivers/STM32F4xx_HAL_Driver/Src/stm32f4xx_hal_i2c.o
 .debug_abbrev  0x00000fdb      0x2b7 ./Drivers/STM32F4xx_HAL_Driver/Src/stm32f4xx_hal_rcc.o
 .debug_abbrev  0x00001292      0x211 ./Drivers/STM32F4xx_HAL_Driver/Src/stm32f4xx_hal_rcc_ex.o
 .debug_abbrev  0x000014a3      0x2ae ./Drivers/VL53L0X/core/src/vl53l0x_api.o
 .debug_abbrev  0x00001751      0x29f ./Drivers/VL53L0X/core/src/vl53l0x_api_calibration.o
 .debug_abbrev  0x000019f0      0x2b7 ./Drivers/VL53L0X/core/src/vl53l0x_api_core.o
 .debug_abbrev  0x00001ca7      0x239 ./Drivers/VL53L0X/platform/src/vl53l0x_platform.o

.debug_aranges  0x00000000      0xca0
 .debug_aranges
                0x00000000       0x48 ./Core/Src/main.o
 .debug_aranges
                0x00000048       0x30 ./Core/Src/stm32f4xx_hal_msp.o
 .debug_aranges
                0x00000078       0x60 ./Core/Src/stm32f4xx_it.o
 .debug_aranges
                0x000000d8       0x28 ./Core/Src/system_stm32f4xx.o
 .debug_aranges
                0x00000100       0x28 ./Core/Startup/startup_stm32f446retx.o
 .debug_aranges
                0x00000128       0xf0 ./Drivers/STM32F4xx_HAL_Driver/Src/stm32f4xx_hal.o
 .debug_aranges
                0x00000218      0x130 ./Drivers/STM32F4xx_HAL_Driver/Src/stm32f4xx_hal_cortex.o
 .debug_aranges
                0x00000348       0x58 ./Drivers/STM32F4xx_HAL_Driver/Src/stm32f4xx_hal_gpio.o
 .debug_aranges
                0x000003a0      0x2a8 ./Drivers/STM32F4xx_HAL_Driver/Src/stm32f4xx_hal_i2c.o
 .debug_aranges
                0x00000648       0x88 ./Drivers/STM32F4xx_HAL_Driver/Src/stm32f4xx_hal_rcc.o
 .debug_aranges
                0x000006d0       0x78 ./Drivers/STM32F4xx_HAL_Driver/Src/stm32f4xx_hal_rcc_ex.o
 .debug_aranges
                0x00000748      0x330 ./Drivers/VL53L0X/core/src/vl53l0x_api.o
 .debug_aranges
                0x00000a78       0xd0 ./Drivers/VL53L0X/core/src/vl53l0x_api_calibration.o
 .debug_aranges
                0x00000b48       0xe0 ./Drivers/VL53L0X/core/src/vl53l0x_api_core.o
 .debug_aranges
                0x00000c28       0x78 ./Drivers/VL53L0X/platform/src/vl53l0x_platform.o

.debug_rnglists
                0x00000000      0x9b6
 .debug_rnglists
                0x00000000       0x35 ./Core/Src/main.o
 .debug_rnglists
                0x00000035       0x20 ./Core/Src/stm32f4xx_hal_msp.o
 .debug_rnglists
                0x00000055       0x43 ./Core/Src/stm32f4xx_it.o
 .debug_rnglists
                0x00000098       0x1a ./Core/Src/system_stm32f4xx.o
 .debug_rnglists
                0x000000b2       0x19 ./Core/Startup/startup_stm32f446retx.o
 .debug_rnglists
                0x000000cb       0xaf ./Drivers/STM32F4xx_HAL_Driver/Src/stm32f4xx_hal.o
 .debug_rnglists
                0x0000017a       0xe0 ./Drivers/STM32F4xx_HAL_Driver/Src/stm32f4xx_hal_cortex.o
 .debug_rnglists
                0x0000025a       0x3f ./Drivers/STM32F4xx_HAL_Driver/Src/stm32f4xx_hal_gpio.o
 .debug_rnglists
                0x00000299      0x23c ./Drivers/STM32F4xx_HAL_Driver/Src/stm32f4xx_hal_i2c.o
 .debug_rnglists
                0x000004d5       0x66 ./Drivers/STM32F4xx_HAL_Driver/Src/stm32f4xx_hal_rcc.o
 .debug_rnglists
                0x0000053b       0x5e ./Drivers/STM32F4xx_HAL_Driver/Src/stm32f4xx_hal_rcc_ex.o
 .debug_rnglists
                0x00000599      0x276 ./Drivers/VL53L0X/core/src/vl53l0x_api.o
 .debug_rnglists
                0x0000080f       0xa4 ./Drivers/VL53L0X/core/src/vl53l0x_api_calibration.o
 .debug_rnglists
                0x000008b3       0xae ./Drivers/VL53L0X/core/src/vl53l0x_api_core.o
 .debug_rnglists
                0x00000961       0x55 ./Drivers/VL53L0X/platform/src/vl53l0x_platform.o

.debug_macro    0x00000000    0x2237b
 .debug_macro   0x00000000      0x34c ./Core/Src/main.o
 .debug_macro   0x0000034c      0xad8 ./Core/Src/main.o
 .debug_macro   0x00000e24      0x295 ./Core/Src/main.o
 .debug_macro   0x000010b9       0x2e ./Core/Src/main.o
 .debug_macro   0x000010e7       0x28 ./Core/Src/main.o
 .debug_macro   0x0000110f       0x22 ./Core/Src/main.o
 .debug_macro   0x00001131       0x8e ./Core/Src/main.o
 .debug_macro   0x000011bf       0x51 ./Core/Src/main.o
 .debug_macro   0x00001210      0x103 ./Core/Src/main.o
 .debug_macro   0x00001313       0x6a ./Core/Src/main.o
 .debug_macro   0x0000137d      0x1df ./Core/Src/main.o
 .debug_macro   0x0000155c       0x1c ./Core/Src/main.o
 .debug_macro   0x00001578       0x22 ./Core/Src/main.o
 .debug_macro   0x0000159a       0xfb ./Core/Src/main.o
 .debug_macro   0x00001695     0x1011 ./Core/Src/main.o
 .debug_macro   0x000026a6      0x11f ./Core/Src/main.o
 .debug_macro   0x000027c5    0x1675e ./Core/Src/main.o
 .debug_macro   0x00018f23       0x6d ./Core/Src/main.o
 .debug_macro   0x00018f90     0x3693 ./Core/Src/main.o
 .debug_macro   0x0001c623      0x190 ./Core/Src/main.o
 .debug_macro   0x0001c7b3       0x5c ./Core/Src/main.o
 .debug_macro   0x0001c80f      0xca5 ./Core/Src/main.o
 .debug_macro   0x0001d4b4      0x9e9 ./Core/Src/main.o
 .debug_macro   0x0001de9d      0x115 ./Core/Src/main.o
 .debug_macro   0x0001dfb2      0x1a0 ./Core/Src/main.o
 .debug_macro   0x0001e152       0xa5 ./Core/Src/main.o
 .debug_macro   0x0001e1f7      0x16d ./Core/Src/main.o
 .debug_macro   0x0001e364      0x287 ./Core/Src/main.o
 .debug_macro   0x0001e5eb       0x5f ./Core/Src/main.o
 .debug_macro   0x0001e64a      0x236 ./Core/Src/main.o
 .debug_macro   0x0001e880      0x132 ./Core/Src/main.o
 .debug_macro   0x0001e9b2      0x29c ./Core/Src/main.o
 .debug_macro   0x0001ec4e       0x2e ./Core/Src/main.o
 .debug_macro   0x0001ec7c      0x1b5 ./Core/Src/main.o
 .debug_macro   0x0001ee31       0x22 ./Core/Src/main.o
 .debug_macro   0x0001ee53       0xd6 ./Core/Src/main.o
 .debug_macro   0x0001ef29      0x127 ./Core/Src/main.o
 .debug_macro   0x0001f050       0xe8 ./Core/Src/main.o
 .debug_macro   0x0001f138       0x89 ./Core/Src/main.o
 .debug_macro   0x0001f1c1      0x126 ./Core/Src/main.o
 .debug_macro   0x0001f2e7       0x10 ./Core/Src/main.o
 .debug_macro   0x0001f2f7       0x76 ./Core/Src/main.o
 .debug_macro   0x0001f36d      0x29c ./Core/Src/main.o
 .debug_macro   0x0001f609      0x203 ./Core/Src/main.o
 .debug_macro   0x0001f80c       0x61 ./Core/Src/main.o
 .debug_macro   0x0001f86d       0x2a ./Core/Src/main.o
 .debug_macro   0x0001f897       0x43 ./Core/Src/main.o
 .debug_macro   0x0001f8da       0x34 ./Core/Src/main.o
 .debug_macro   0x0001f90e       0x16 ./Core/Src/main.o
 .debug_macro   0x0001f924       0x3c ./Core/Src/main.o
 .debug_macro   0x0001f960      0x370 ./Core/Src/main.o
 .debug_macro   0x0001fcd0       0x10 ./Core/Src/main.o
 .debug_macro   0x0001fce0       0x16 ./Core/Src/main.o
 .debug_macro   0x0001fcf6       0x4a ./Core/Src/main.o
 .debug_macro   0x0001fd40       0x34 ./Core/Src/main.o
 .debug_macro   0x0001fd74       0x10 ./Core/Src/main.o
 .debug_macro   0x0001fd84       0x58 ./Core/Src/main.o
 .debug_macro   0x0001fddc       0x8e ./Core/Src/main.o
 .debug_macro   0x0001fe6a       0x1c ./Core/Src/main.o
 .debug_macro   0x0001fe86      0x185 ./Core/Src/main.o
 .debug_macro   0x0002000b       0x16 ./Core/Src/main.o
 .debug_macro   0x00020021       0x16 ./Core/Src/main.o
 .debug_macro   0x00020037      0x146 ./Core/Src/main.o
 .debug_macro   0x0002017d       0x16 ./Core/Src/main.o
 .debug_macro   0x00020193       0x20 ./Core/Src/main.o
 .debug_macro   0x000201b3       0x2e ./Core/Src/main.o
 .debug_macro   0x000201e1       0x17 ./Core/Src/main.o
 .debug_macro   0x000201f8      0x1d2 ./Core/Src/main.o
 .debug_macro   0x000203ca      0x1d8 ./Core/Src/stm32f4xx_hal_msp.o
 .debug_macro   0x000205a2      0x1e2 ./Core/Src/stm32f4xx_it.o
 .debug_macro   0x00020784      0x1c9 ./Core/Src/system_stm32f4xx.o
 .debug_macro   0x0002094d      0x229 ./Drivers/STM32F4xx_HAL_Driver/Src/stm32f4xx_hal.o
 .debug_macro   0x00020b76      0x1c9 ./Drivers/STM32F4xx_HAL_Driver/Src/stm32f4xx_hal_cortex.o
 .debug_macro   0x00020d3f      0x1cf ./Drivers/STM32F4xx_HAL_Driver/Src/stm32f4xx_hal_gpio.o
 .debug_macro   0x00020f0e      0x217 ./Drivers/STM32F4xx_HAL_Driver/Src/stm32f4xx_hal_i2c.o
 .debug_macro   0x00021125      0x1ed ./Drivers/STM32F4xx_HAL_Driver/Src/stm32f4xx_hal_rcc.o
 .debug_macro   0x00021312      0x1c9 ./Drivers/STM32F4xx_HAL_Driver/Src/stm32f4xx_hal_rcc_ex.o
 .debug_macro   0x000214db      0x3af ./Drivers/VL53L0X/core/src/vl53l0x_api.o
 .debug_macro   0x0002188a       0x56 ./Drivers/VL53L0X/core/src/vl53l0x_api.o
 .debug_macro   0x000218e0      0x3a9 ./Drivers/VL53L0X/core/src/vl53l0x_api_calibration.o
 .debug_macro   0x00021c89      0x397 ./Drivers/VL53L0X/core/src/vl53l0x_api_core.o
 .debug_macro   0x00022020      0x35b ./Drivers/VL53L0X/platform/src/vl53l0x_platform.o

.debug_line     0x00000000     0xfc87
 .debug_line    0x00000000      0xab6 ./Core/Src/main.o
 .debug_line    0x00000ab6      0x77d ./Core/Src/stm32f4xx_hal_msp.o
 .debug_line    0x00001233      0x7dd ./Core/Src/stm32f4xx_it.o
 .debug_line    0x00001a10      0x7a4 ./Core/Src/system_stm32f4xx.o
 .debug_line    0x000021b4       0x7a ./Core/Startup/startup_stm32f446retx.o
 .debug_line    0x0000222e      0xa20 ./Drivers/STM32F4xx_HAL_Driver/Src/stm32f4xx_hal.o
 .debug_line    0x00002c4e      0xcf0 ./Drivers/STM32F4xx_HAL_Driver/Src/stm32f4xx_hal_cortex.o
 .debug_line    0x0000393e      0xb64 ./Drivers/STM32F4xx_HAL_Driver/Src/stm32f4xx_hal_gpio.o
 .debug_line    0x000044a2     0x3acd ./Drivers/STM32F4xx_HAL_Driver/Src/stm32f4xx_hal_i2c.o
 .debug_line    0x00007f6f      0xe3b ./Drivers/STM32F4xx_HAL_Driver/Src/stm32f4xx_hal_rcc.o
 .debug_line    0x00008daa     0x14ec ./Drivers/STM32F4xx_HAL_Driver/Src/stm32f4xx_hal_rcc_ex.o
 .debug_line    0x0000a296     0x1fdb ./Drivers/VL53L0X/core/src/vl53l0x_api.o
 .debug_line    0x0000c271     0x1348 ./Drivers/VL53L0X/core/src/vl53l0x_api_calibration.o
 .debug_line    0x0000d5b9     0x1b0f ./Drivers/VL53L0X/core/src/vl53l0x_api_core.o
 .debug_line    0x0000f0c8      0xbbf ./Drivers/VL53L0X/platform/src/vl53l0x_platform.o

.debug_str      0x00000000    0xceedd
 .debug_str     0x00000000    0xceedd ./Core/Src/main.o
                              0xca43c (size before relaxing)
 .debug_str     0x000ceedd    0xc28c3 ./Core/Src/stm32f4xx_hal_msp.o
 .debug_str     0x000ceedd    0xc2264 ./Core/Src/stm32f4xx_it.o
 .debug_str     0x000ceedd    0xc2374 ./Core/Src/system_stm32f4xx.o
 .debug_str     0x000ceedd       0x8f ./Core/Startup/startup_stm32f446retx.o
 .debug_str     0x000ceedd    0xc2f39 ./Drivers/STM32F4xx_HAL_Driver/Src/stm32f4xx_hal.o
 .debug_str     0x000ceedd    0xc2c90 ./Drivers/STM32F4xx_HAL_Driver/Src/stm32f4xx_hal_cortex.o
 .debug_str     0x000ceedd    0xc24ef ./Drivers/STM32F4xx_HAL_Driver/Src/stm32f4xx_hal_gpio.o
 .debug_str     0x000ceedd    0xc3372 ./Drivers/STM32F4xx_HAL_Driver/Src/stm32f4xx_hal_i2c.o
 .debug_str     0x000ceedd    0xc27ad ./Drivers/STM32F4xx_HAL_Driver/Src/stm32f4xx_hal_rcc.o
 .debug_str     0x000ceedd    0xc27e0 ./Drivers/STM32F4xx_HAL_Driver/Src/stm32f4xx_hal_rcc_ex.o
 .debug_str     0x000ceedd    0xcbb0f ./Drivers/VL53L0X/core/src/vl53l0x_api.o
 .debug_str     0x000ceedd    0xcabc7 ./Drivers/VL53L0X/core/src/vl53l0x_api_calibration.o
 .debug_str     0x000ceedd    0xcb199 ./Drivers/VL53L0X/core/src/vl53l0x_api_core.o
 .debug_str     0x000ceedd    0xca099 ./Drivers/VL53L0X/platform/src/vl53l0x_platform.o

.comment        0x00000000       0x43
 .comment       0x00000000       0x43 ./Core/Src/main.o
                                 0x44 (size before relaxing)
 .comment       0x00000043       0x44 ./Core/Src/stm32f4xx_hal_msp.o
 .comment       0x00000043       0x44 ./Core/Src/stm32f4xx_it.o
 .comment       0x00000043       0x44 ./Core/Src/system_stm32f4xx.o
 .comment       0x00000043       0x44 ./Drivers/STM32F4xx_HAL_Driver/Src/stm32f4xx_hal.o
 .comment       0x00000043       0x44 ./Drivers/STM32F4xx_HAL_Driver/Src/stm32f4xx_hal_cortex.o
 .comment       0x00000043       0x44 ./Drivers/STM32F4xx_HAL_Driver/Src/stm32f4xx_hal_gpio.o
 .comment       0x00000043       0x44 ./Drivers/STM32F4xx_HAL_Driver/Src/stm32f4xx_hal_i2c.o
 .comment       0x00000043       0x44 ./Drivers/STM32F4xx_HAL_Driver/Src/stm32f4xx_hal_rcc.o
 .comment       0x00000043       0x44 ./Drivers/STM32F4xx_HAL_Driver/Src/stm32f4xx_hal_rcc_ex.o
 .comment       0x00000043       0x44 ./Drivers/VL53L0X/core/src/vl53l0x_api.o
 .comment       0x00000043       0x44 ./Drivers/VL53L0X/core/src/vl53l0x_api_calibration.o
 .comment       0x00000043       0x44 ./Drivers/VL53L0X/core/src/vl53l0x_api_core.o
 .comment       0x00000043       0x44 ./Drivers/VL53L0X/platform/src/vl53l0x_platform.o

.debug_frame    0x00000000     0x354c
 .debug_frame   0x00000000       0xcc ./Core/Src/main.o
 .debug_frame   0x000000cc       0x7c ./Core/Src/stm32f4xx_hal_msp.o
 .debug_frame   0x00000148      0x104 ./Core/Src/stm32f4xx_it.o
 .debug_frame   0x0000024c       0x58 ./Core/Src/system_stm32f4xx.o
 .debug_frame   0x000002a4      0x374 ./Drivers/STM32F4xx_HAL_Driver/Src/stm32f4xx_hal.o
 .debug_frame   0x00000618      0x508 ./Drivers/STM32F4xx_HAL_Driver/Src/stm32f4xx_hal_cortex.o
 .debug_frame   0x00000b20      0x14c ./Drivers/STM32F4xx_HAL_Driver/Src/stm32f4xx_hal_gpio.o
 .debug_frame   0x00000c6c      0xc84 ./Drivers/STM32F4xx_HAL_Driver/Src/stm32f4xx_hal_i2c.o
 .debug_frame   0x000018f0      0x1f4 ./Drivers/STM32F4xx_HAL_Driver/Src/stm32f4xx_hal_rcc.o
 .debug_frame   0x00001ae4      0x1e8 ./Drivers/STM32F4xx_HAL_Driver/Src/stm32f4xx_hal_rcc_ex.o
 .debug_frame   0x00001ccc      0xe94 ./Drivers/VL53L0X/core/src/vl53l0x_api.o
 .debug_frame   0x00002b60      0x374 ./Drivers/VL53L0X/core/src/vl53l0x_api_calibration.o
 .debug_frame   0x00002ed4      0x3c4 ./Drivers/VL53L0X/core/src/vl53l0x_api_core.o
 .debug_frame   0x00003298      0x1c0 ./Drivers/VL53L0X/platform/src/vl53l0x_platform.o
 .debug_frame   0x00003458       0x20 C:/ST/STM32CubeIDE_1.19.0/STM32CubeIDE/plugins/com.st.stm32cube.ide.mcu.externaltools.gnu-tools-for-stm32.13.3.rel1.win32_1.0.0.202411081344/tools/bin/../lib/gcc/arm-none-eabi/13.3.1/../../../../arm-none-eabi/lib/thumb/v7e-m+fp/hard\libc_nano.a(libc_a-memset.o)
 .debug_frame   0x00003478       0x2c C:/ST/STM32CubeIDE_1.19.0/STM32CubeIDE/plugins/com.st.stm32cube.ide.mcu.externaltools.gnu-tools-for-stm32.13.3.rel1.win32_1.0.0.202411081344/tools/bin/../lib/gcc/arm-none-eabi/13.3.1/../../../../arm-none-eabi/lib/thumb/v7e-m+fp/hard\libc_nano.a(libc_a-init.o)
 .debug_frame   0x000034a4       0x20 C:/ST/STM32CubeIDE_1.19.0/STM32CubeIDE/plugins/com.st.stm32cube.ide.mcu.externaltools.gnu-tools-for-stm32.13.3.rel1.win32_1.0.0.202411081344/tools/bin/../lib/gcc/arm-none-eabi/13.3.1/../../../../arm-none-eabi/lib/thumb/v7e-m+fp/hard\libc_nano.a(libc_a-strcpy.o)
 .debug_frame   0x000034c4       0x28 C:/ST/STM32CubeIDE_1.19.0/STM32CubeIDE/plugins/com.st.stm32cube.ide.mcu.externaltools.gnu-tools-for-stm32.13.3.rel1.win32_1.0.0.202411081344/tools/bin/../lib/gcc/arm-none-eabi/13.3.1/../../../../arm-none-eabi/lib/thumb/v7e-m+fp/hard\libc_nano.a(libc_a-memcpy-stub.o)
 .debug_frame   0x000034ec       0x2c C:/ST/STM32CubeIDE_1.19.0/STM32CubeIDE/plugins/com.st.stm32cube.ide.mcu.externaltools.gnu-tools-for-stm32.13.3.rel1.win32_1.0.0.202411081344/tools/bin/../lib/gcc/arm-none-eabi/13.3.1/thumb/v7e-m+fp/hard\libgcc.a(_aeabi_uldivmod.o)
 .debug_frame   0x00003518       0x34 C:/ST/STM32CubeIDE_1.19.0/STM32CubeIDE/plugins/com.st.stm32cube.ide.mcu.externaltools.gnu-tools-for-stm32.13.3.rel1.win32_1.0.0.202411081344/tools/bin/../lib/gcc/arm-none-eabi/13.3.1/thumb/v7e-m+fp/hard\libgcc.a(_udivmoddi4.o)

.debug_line_str
                0x00000000       0x73
 .debug_line_str
                0x00000000       0x73 ./Core/Startup/startup_stm32f446retx.o
