17:20:58 **** Incremental Build of configuration Debug for project keypad1.3 ****
make -j12 all 
arm-none-eabi-gcc "../Core/Src/main.c" -mcpu=cortex-m4 -std=gnu11 -g3 -DDEBUG -DUSE_HAL_DRIVER -DSTM32F446xx -c -I../Core/Inc -I../Drivers/STM32F4xx_HAL_Driver/Inc -I../Drivers/STM32F4xx_HAL_Driver/Inc/Legacy -I../Drivers/CMSIS/Device/ST/STM32F4xx/Include -I../Drivers/CMSIS/Include -O0 -ffunction-sections -fdata-sections -Wall -fstack-usage -fcyclomatic-complexity -MMD -MP -MF"Core/Src/main.d" -MT"Core/Src/main.o" --specs=nano.specs -mfpu=fpv4-sp-d16 -mfloat-abi=hard -mthumb -o "Core/Src/main.o"
arm-none-eabi-gcc -o "keypad1.3.elf" @"objects.list"   -mcpu=cortex-m4 -T"C:\Users\jain2\STM32CubeIDE\workspace_1.19.0\keypad1.3\STM32F446RETX_FLASH.ld" --specs=nosys.specs -Wl,-Map="keypad1.3.map" -Wl,--gc-sections -static --specs=nano.specs -mfpu=fpv4-sp-d16 -mfloat-abi=hard -mthumb -Wl,--start-group -lc -lm -Wl,--end-group
Finished building target: keypad1.3.elf
 
arm-none-eabi-size  keypad1.3.elf 
arm-none-eabi-objdump -h -S keypad1.3.elf  > "keypad1.3.list"
   text	   data	    bss	    dec	    hex	filename
  10700	     12	   1660	  12372	   3054	keypad1.3.elf
Finished building: default.size.stdout
 
Finished building: keypad1.3.list
 

17:20:59 Build Finished. 0 errors, 0 warnings. (took 901ms)

