15:26:46 **** Incremental Build of configuration Debug for project Tim1.1 ****
make -j12 all 
arm-none-eabi-gcc "../Core/Src/main.c" -mcpu=cortex-m4 -std=gnu11 -g3 -DDEBUG -DUSE_HAL_DRIVER -DSTM32F446xx -c -I../Core/Inc -I../Drivers/STM32F4xx_HAL_Driver/Inc -I../Drivers/STM32F4xx_HAL_Driver/Inc/Legacy -I../Drivers/CMSIS/Device/ST/STM32F4xx/Include -I../Drivers/CMSIS/Include -O0 -ffunction-sections -fdata-sections -Wall -fstack-usage -fcyclomatic-complexity -MMD -MP -MF"Core/Src/main.d" -MT"Core/Src/main.o" --specs=nano.specs -mfpu=fpv4-sp-d16 -mfloat-abi=hard -mthumb -o "Core/Src/main.o"
arm-none-eabi-gcc -o "Tim1.1.elf" @"objects.list"   -mcpu=cortex-m4 -T"C:\Users\jain2\STM32CubeIDE\workspace_1.19.0\Tim1.1\STM32F446RETX_FLASH.ld" --specs=nosys.specs -Wl,-Map="Tim1.1.map" -Wl,--gc-sections -static --specs=nano.specs -mfpu=fpv4-sp-d16 -mfloat-abi=hard -mthumb -Wl,--start-group -lc -lm -Wl,--end-group
Finished building target: Tim1.1.elf
 
arm-none-eabi-size  Tim1.1.elf 
arm-none-eabi-objdump -h -S Tim1.1.elf  > "Tim1.1.list"
   text	   data	    bss	    dec	    hex	filename
   9324	     12	   1644	  10980	   2ae4	Tim1.1.elf
Finished building: default.size.stdout
 
Finished building: Tim1.1.list
 

15:26:47 Build Finished. 0 errors, 0 warnings. (took 1s.257ms)

